**********************
Windows PowerShell transcript start
Start time: 20260909141840
Username: NMG\Administrator
RunAs User: NMG\Administrator
Configuration Name: 
Machine: WIN-OG6F4D524RH (Microsoft Windows NT 10.0.26212.0)
Host Application: C:\WINDOWS\system32\WindowsPowerShell\v1.0\PowerShell_ISE.exe
Process ID: 2208
PSVersion: 5.1.26212.5000
PSEdition: Desktop
PSCompatibleVersions: 1.0, 2.0, 3.0, 4.0, 5.0, 5.1.26212.5000
BuildVersion: 10.0.26212.5000
CLRVersion: 4.0.30319.42000
WSManStackVersion: 3.0
PSRemotingProtocolVersion: 2.3
SerializationVersion: 1.1.0.1
**********************

  DISABLE-NMGUSER
  Target : dwhitlock
  Ticket : NMG-0214
  Run by : Administrator

  All checks passed for Denise Whitlock
  Captured 2 memberships
  Verified 2 memberships on disk
  Disabled and stamped.
  Removed: Operations-Users

  Removed : 1
  Moved to quarantine.

  Account  : Denise Whitlock (dwhitlock)
  Ticket   : NMG-0214
  Enabled  : False
  Groups   : 0
  Location : CN=Denise Whitlock,OU=Disabled Users,DC=NMG,DC=com
  Evidence : C:\Reports\Offboarding

**********************
Windows PowerShell transcript end
End time: 20260909141840
**********************
