**********************
Windows PowerShell transcript start
Start time: 20260908174935
Username: NMG\Administrator
RunAs User: NMG\Administrator
Configuration Name: 
Machine: WIN-OG6F4D524RH (Microsoft Windows NT 10.0.26212.0)
Host Application: C:\WINDOWS\system32\WindowsPowerShell\v1.0\PowerShell_ISE.exe
Process ID: 8184
PSVersion: 5.1.26212.5000
PSEdition: Desktop
PSCompatibleVersions: 1.0, 2.0, 3.0, 4.0, 5.0, 5.1.26212.5000
BuildVersion: 10.0.26212.5000
CLRVersion: 4.0.30319.42000
WSManStackVersion: 3.0
PSRemotingProtocolVersion: 2.3
SerializationVersion: 1.1.0.1
**********************

  DISABLE-NMGUSER
  Target : oradcliffe
  Ticket : NMG-0213
  Run by : Administrator

  STOP: oradcliffe is already disabled.
        Existing note: Offboarded 2026-09-08 | Ticket NMG-0213
        Re-running would overwrite that record.
**********************
Windows PowerShell transcript end
End time: 20260908174935
**********************
