**********************
Windows PowerShell transcript start
Start time: 20260908174206
Username: NMG\Administrator
RunAs User: NMG\Administrator
Configuration Name: 
Machine: WIN-OG6F4D524RH (Microsoft Windows NT 10.0.26212.0)
Host Application: C:\WINDOWS\system32\WindowsPowerShell\v1.0\PowerShell_ISE.exe
Process ID: 8184
PSVersion: 5.1.26212.5000
PSEdition: Desktop
PSCompatibleVersions: 1.0, 2.0, 3.0, 4.0, 5.0, 5.1.26212.5000
BuildVersion: 10.0.26212.5000
CLRVersion: 4.0.30319.42000
WSManStackVersion: 3.0
PSRemotingProtocolVersion: 2.3
SerializationVersion: 1.1.0.1
**********************

  DISABLE-NMGUSER
  Target : oradcliffe
  Ticket : NMG-0213
  Run by : Administrator

  All checks passed for Owen Radcliffe
  Captured 2 memberships
  Verified 2 memberships on disk
  Disabled and stamped.
  Removed: Operations-Users

  Removed : 1
PS>TerminatingError(Move-ADObject): "Cannot validate argument on parameter 'Identity'. The argument is null or an element of the argument collection contains a null value."
Move-ADObject : Cannot validate argument on parameter 'Identity'. The argument is null or an element of the argument 
collection contains a null value.
At C:\Scripts\Disable-NMGUser.ps1:237 char:29
+     Move-ADObject -Identity $dn -TargetPath $target
+                             ~~~
    + CategoryInfo          : InvalidData: (:) [Move-ADObject], ParameterBindingValidationException
    + FullyQualifiedErrorId : 
ParameterArgumentValidationError,Microsoft.ActiveDirectory.Management.Commands.MoveADObject
Move-ADObject : Cannot validate argument on parameter 'Identity'. The argument is null or an element of the
argument collection contains a null value.
At C:\Scripts\Disable-NMGUser.ps1:237 char:29
+     Move-ADObject -Identity $dn -TargetPath $target
+                             ~~~
    + CategoryInfo          : InvalidData: (:) [Move-ADObject], ParameterBindingValidationException
    + FullyQualifiedErrorId : ParameterArgumentValidationError,Microsoft.ActiveDirectory.Management.Commands.
   MoveADObject

  Moved to quarantine.

  Account  : Owen Radcliffe (oradcliffe)
  Ticket   : NMG-0213
  Enabled  : False
  Groups   : 0
  Location : CN=Owen Radcliffe,OU=Operations,DC=NMG,DC=com
  Evidence : C:\Reports\Offboarding

**********************
Windows PowerShell transcript end
End time: 20260908174207
**********************
