**********************
Windows PowerShell transcript start
Start time: 20260908155332
Username: NMG\Administrator
RunAs User: NMG\Administrator
Configuration Name: 
Machine: WIN-OG6F4D524RH (Microsoft Windows NT 10.0.26212.0)
Host Application: C:\WINDOWS\system32\WindowsPowerShell\v1.0\PowerShell_ISE.exe
Process ID: 3016
PSVersion: 5.1.26212.5000
PSEdition: Desktop
PSCompatibleVersions: 1.0, 2.0, 3.0, 4.0, 5.0, 5.1.26212.5000
BuildVersion: 10.0.26212.5000
CLRVersion: 4.0.30319.42000
WSManStackVersion: 3.0
PSRemotingProtocolVersion: 2.3
SerializationVersion: 1.1.0.1
**********************

  DISABLE-NMGUSER
  Target : rpace
  Ticket : NMG-0212
  Run by : Administrator

  All checks passed for Roland Pace
PS>TerminatingError(Export-Csv): "Cannot find drive. A drive with the name 'Z' does not exist."
Export-Csv : Cannot find drive. A drive with the name 'Z' does not exist.
At C:\Scripts\Disable-NMGUser.ps1:112 char:3
+   Export-Csv "$ReportPath\$($Username)_account_$stamp.csv" `
+   ~~~~~~~~~~~~~~~~~~~~~~~~~~~~~~~~~~~~~~~~~~~~~~~~~~~~~~~~~~
    + CategoryInfo          : ObjectNotFound: (Z:String) [Export-Csv], DriveNotFoundException
    + FullyQualifiedErrorId : DriveNotFound,Microsoft.PowerShell.Commands.ExportCsvCommand
Export-Csv : Cannot find drive. A drive with the name 'Z' does not exist.
At C:\Scripts\Disable-NMGUser.ps1:112 char:3
+   Export-Csv "$ReportPath\$($Username)_account_$stamp.csv" `
+   ~~~~~~~~~~~~~~~~~~~~~~~~~~~~~~~~~~~~~~~~~~~~~~~~~~~~~~~~~~
    + CategoryInfo          : ObjectNotFound: (Z:String) [Export-Csv], DriveNotFoundException
    + FullyQualifiedErrorId : DriveNotFound,Microsoft.PowerShell.Commands.ExportCsvCommand

>> TerminatingError(Export-Csv): "Cannot find drive. A drive with the name 'Z' does not exist."
Export-Csv : Cannot find drive. A drive with the name 'Z' does not exist.
At C:\Scripts\Disable-NMGUser.ps1:117 char:3
+   Export-Csv "$ReportPath\$($Username)_groups_$stamp.csv" `
+   ~~~~~~~~~~~~~~~~~~~~~~~~~~~~~~~~~~~~~~~~~~~~~~~~~~~~~~~~~
    + CategoryInfo          : ObjectNotFound: (Z:String) [Export-Csv], DriveNotFoundException
    + FullyQualifiedErrorId : DriveNotFound,Microsoft.PowerShell.Commands.ExportCsvCommand
Export-Csv : Cannot find drive. A drive with the name 'Z' does not exist.
At C:\Scripts\Disable-NMGUser.ps1:117 char:3
+   Export-Csv "$ReportPath\$($Username)_groups_$stamp.csv" `
+   ~~~~~~~~~~~~~~~~~~~~~~~~~~~~~~~~~~~~~~~~~~~~~~~~~~~~~~~~~
    + CategoryInfo          : ObjectNotFound: (Z:String) [Export-Csv], DriveNotFoundException
    + FullyQualifiedErrorId : DriveNotFound,Microsoft.PowerShell.Commands.ExportCsvCommand

  Captured 2 memberships
  STOP: no export file was written.
**********************
Windows PowerShell transcript end
End time: 20260908155332
**********************
